// Jest Snapshot v1, https://goo.gl/fbAQLP

exports[`Pagination should matches snapshot 1`] = `
<div
  className="pagination-element"
>
  <p>
    <span>
      1
    </span>
    <span>
       - 
    </span>
    <span>
      6
    </span>
    <span>
       of 
    </span>
    <span>
      30
    </span>
  </p>
  <button
    className="pagination-element-prev"
    disabled={true}
    onClick={[Function]}
  >
    <PreviousIcon
      disabled={true}
    />
  </button>
  <button
    className="pagination-element-next"
    disabled={false}
    onClick={[Function]}
  >
    <NextPageIcon
      disabled={false}
    />
  </button>
</div>
`;
